// Jest Snapshot v1, https://goo.gl/fbAQLP

exports[`Hook App test should be equals to snapshot 1`] = `
<h1>
  Hola
</h1>
`;
